// Jest Snapshot v1, https://goo.gl/fbAQLP

exports[`BreadcrumbsClean allows adding starting trail and design it using design api 1`] = `"<ul><li><span aria-label=\\"starting-trail\\"></span></li></ul>"`;

exports[`BreadcrumbsClean allows designing separator using design api 1`] = `"<ul><li><a href=\\"linkNodeKey1\\"><span aria-label=\\"titleNodeKey1\\"></span></a></li><span class=\\"separator\\"></span><li><a href=\\"linkNodeKey1\\"><span aria-label=\\"titleNodeKey1\\"></span></a></li></ul>"`;

exports[`BreadcrumbsClean allows passing items as a prop 1`] = `"<ul><li><a href=\\"linkNodeKey1\\"><span aria-label=\\"titleNodeKey1\\"></span></a></li><span></span><li><a href=\\"linkNodeKey1\\"><span aria-label=\\"titleNodeKey1\\"></span></a></li></ul>"`;

exports[`BreadcrumbsClean does not render separator after last item when final trail is not set 1`] = `"<ul><li><a href=\\"linkNodeKey1\\"><span aria-label=\\"titleNodeKey1\\"></span></a></li></ul>"`;

exports[`BreadcrumbsClean renders as empty unordered list by default 1`] = `"<ul></ul>"`;
