// Jest Snapshot v1, https://goo.gl/fbAQLP

exports[`asBreadcrumbsClean creates breadcrumbs for 2-level Columns MegaMenu 1`] = `"<ul><li><a href=\\"/products/\\"><span>products</span></a></li><span></span><li><span>ProductA</span></li></ul>"`;

exports[`asBreadcrumbsClean creates breadcrumbs for 2-level List MegaMenu 1`] = `"<ul><li><a href=\\"/products/\\"><span>products</span></a></li><span></span><li><span>ProductA</span></li></ul>"`;

exports[`asBreadcrumbsClean creates breadcrumbs for 2-level Touts MegaMenu 1`] = `"<ul><li><a href=\\"/products/\\"><span>products</span></a></li><span></span><li><span>ProductA</span></li></ul>"`;

exports[`asBreadcrumbsClean creates breadcrumbs for 3-level Columns MegaMenu 1`] = `"<ul><li><a href=\\"/products/\\"><span>products</span></a></li><span></span><li><a href=\\"/products/productA/\\"><span>ProductA</span></a></li><span></span><li><span>SubProduct</span></li></ul>"`;
